---
source: betree/tests/src/lib.rs
expression: "json!({\n        \"shape/data\" :\n        self.object_store.data_tree().tree_dump().expect(\"Failed to create data tree dump\"),\n        \"keys/data\" : self.object_store.data_tree().range :: < _, & [u8] >\n        (..).expect(\"Failed to query data keys\").map(| res |\n        res.map(| (k, _v) | k)).collect :: < Result < Vec < _ >, _ >>\n        ().expect(\"Failed to gather data keys\"), \"keys/meta\" :\n        self.object_store.meta_tree().range :: < _, & [u8] >\n        (..).expect(\"Failed to query meta keys\").map(| res |\n        res.map(| (k, _v) | k)).collect :: < Result < Vec < _ >, _ >>\n        ().expect(\"Failed to gather meta keys\")\n    })"
---
{
  "keys/data": [
    [
      0,
      111,
      105,
      100
    ]
  ],
  "keys/meta": [],
  "shape/data": {
    "children": [
      {
        "child": {
          "entry_count": 24,
          "level": 0,
          "storage": 0,
          "system_storage": 254,
          "type": "nvmleaf"
        },
        "from": null,
        "pivot_key": {
          "LeftOuter": [
            [
              0,
              0,
              0,
              0,
              0,
              0,
              0,
              0,
              0,
              0,
              0,
              23
            ],
            1
          ]
        },
        "storage": 0,
        "to": "0000 0000 0000 0000 0000 0017"
      },
      {
        "child": {
          "entry_count": 24,
          "level": 0,
          "storage": 0,
          "system_storage": 254,
          "type": "nvmleaf"
        },
        "from": "0000 0000 0000 0000 0000 0017",
        "pivot_key": {
          "Right": [
            [
              0,
              0,
              0,
              0,
              0,
              0,
              0,
              0,
              0,
              0,
              0,
              23
            ],
            1
          ]
        },
        "storage": 0,
        "to": "0000 0000 0000 0000 0000 002F"
      },
      {
        "child": {
          "entry_count": 24,
          "level": 0,
          "storage": 0,
          "system_storage": 254,
          "type": "nvmleaf"
        },
        "from": "0000 0000 0000 0000 0000 002F",
        "pivot_key": {
          "Right": [
            [
              0,
              0,
              0,
              0,
              0,
              0,
              0,
              0,
              0,
              0,
              0,
              47
            ],
            1
          ]
        },
        "storage": 0,
        "to": "0000 0000 0000 0000 0000 0047"
      },
      {
        "child": {
          "entry_count": 24,
          "level": 0,
          "storage": 0,
          "system_storage": 254,
          "type": "nvmleaf"
        },
        "from": "0000 0000 0000 0000 0000 0047",
        "pivot_key": {
          "Right": [
            [
              0,
              0,
              0,
              0,
              0,
              0,
              0,
              0,
              0,
              0,
              0,
              71
            ],
            1
          ]
        },
        "storage": 0,
        "to": "0000 0000 0000 0000 0000 005F"
      },
      {
        "child": {
          "entry_count": 24,
          "level": 0,
          "storage": 0,
          "system_storage": 254,
          "type": "nvmleaf"
        },
        "from": "0000 0000 0000 0000 0000 005F",
        "pivot_key": {
          "Right": [
            [
              0,
              0,
              0,
              0,
              0,
              0,
              0,
              0,
              0,
              0,
              0,
              95
            ],
            1
          ]
        },
        "storage": 0,
        "to": "0000 0000 0000 0000 0000 0077"
      },
      {
        "child": {
          "entry_count": 24,
          "level": 0,
          "storage": 0,
          "system_storage": 254,
          "type": "nvmleaf"
        },
        "from": "0000 0000 0000 0000 0000 0077",
        "pivot_key": {
          "Right": [
            [
              0,
              0,
              0,
              0,
              0,
              0,
              0,
              0,
              0,
              0,
              0,
              119
            ],
            1
          ]
        },
        "storage": 0,
        "to": "0000 0000 0000 0000 0000 008F"
      },
      {
        "child": {
          "entry_count": 24,
          "level": 0,
          "storage": 0,
          "system_storage": 254,
          "type": "nvmleaf"
        },
        "from": "0000 0000 0000 0000 0000 008F",
        "pivot_key": {
          "Right": [
            [
              0,
              0,
              0,
              0,
              0,
              0,
              0,
              0,
              0,
              0,
              0,
              143
            ],
            1
          ]
        },
        "storage": 0,
        "to": "0000 0000 0000 0000 0000 00A7"
      },
      {
        "child": {
          "entry_count": 24,
          "level": 0,
          "storage": 0,
          "system_storage": 254,
          "type": "nvmleaf"
        },
        "from": "0000 0000 0000 0000 0000 00A7",
        "pivot_key": {
          "Right": [
            [
              0,
              0,
              0,
              0,
              0,
              0,
              0,
              0,
              0,
              0,
              0,
              167
            ],
            1
          ]
        },
        "storage": 0,
        "to": "0000 0000 0000 0000 0000 00BF"
      },
      {
        "child": {
          "entry_count": 24,
          "level": 0,
          "storage": 0,
          "system_storage": 254,
          "type": "nvmleaf"
        },
        "from": "0000 0000 0000 0000 0000 00BF",
        "pivot_key": {
          "Right": [
            [
              0,
              0,
              0,
              0,
              0,
              0,
              0,
              0,
              0,
              0,
              0,
              191
            ],
            1
          ]
        },
        "storage": 0,
        "to": "0000 0000 0000 0000 0000 00D7"
      },
      {
        "child": {
          "entry_count": 24,
          "level": 0,
          "storage": 0,
          "system_storage": 254,
          "type": "nvmleaf"
        },
        "from": "0000 0000 0000 0000 0000 00D7",
        "pivot_key": {
          "Right": [
            [
              0,
              0,
              0,
              0,
              0,
              0,
              0,
              0,
              0,
              0,
              0,
              215
            ],
            1
          ]
        },
        "storage": 0,
        "to": "0000 0000 0000 0000 0000 00EF"
      },
      {
        "child": {
          "entry_count": 11,
          "level": 0,
          "storage": 0,
          "system_storage": 254,
          "type": "nvmleaf"
        },
        "from": "0000 0000 0000 0000 0000 00EF",
        "pivot_key": {
          "Right": [
            [
              0,
              0,
              0,
              0,
              0,
              0,
              0,
              0,
              0,
              0,
              0,
              239
            ],
            1
          ]
        },
        "storage": 0,
        "to": null
      }
    ],
    "level": 1,
    "storage": 0,
    "system_storage": 254,
    "type": "nvminternal"
  }
}
